
/home/runner/work/exp-water-level-control-iitkgp/exp-water-level-control-iitkgp/experiment/simulation/js/TC.js
    17:10  warning  'config1control' is defined but never used   no-unused-vars
    36:10  warning  'Level_Maintain1' is defined but never used  no-unused-vars
    38:1   warning  '$' is not defined                           no-undef
    39:1   warning  '$' is not defined                           no-undef
    40:1   warning  '$' is not defined                           no-undef
    41:1   warning  '$' is not defined                           no-undef
    42:1   warning  '$' is not defined                           no-undef
    46:10  warning  'Level_Track1' is defined but never used     no-unused-vars
    48:1   warning  '$' is not defined                           no-undef
    49:1   warning  '$' is not defined                           no-undef
    50:1   warning  '$' is not defined                           no-undef
    51:1   warning  '$' is not defined                           no-undef
    52:1   warning  '$' is not defined                           no-undef
    57:10  warning  'config2control' is defined but never used   no-unused-vars
    77:10  warning  'Level_Maintain2' is defined but never used  no-unused-vars
    79:1   warning  '$' is not defined                           no-undef
    80:1   warning  '$' is not defined                           no-undef
    81:1   warning  '$' is not defined                           no-undef
    82:1   warning  '$' is not defined                           no-undef
    83:1   warning  '$' is not defined                           no-undef
    87:10  warning  'Level_Track2' is defined but never used     no-unused-vars
    89:1   warning  '$' is not defined                           no-undef
    90:1   warning  '$' is not defined                           no-undef
    91:1   warning  '$' is not defined                           no-undef
    92:1   warning  '$' is not defined                           no-undef
    93:1   warning  '$' is not defined                           no-undef
    98:10  warning  'Build' is defined but never used            no-unused-vars
    99:17  warning  '$' is not defined                           no-undef
   105:15  warning  '$' is not defined                           no-undef
   106:15  warning  '$' is not defined                           no-undef
   107:15  warning  '$' is not defined                           no-undef
   109:16  warning  '$' is not defined                           no-undef
   110:16  warning  '$' is not defined                           no-undef
   111:16  warning  '$' is not defined                           no-undef
   134:23  warning  'math' is not defined                        no-undef
   152:24  warning  'math' is not defined                        no-undef
   162:1   warning  Mixed spaces and tabs                        no-mixed-spaces-and-tabs
   168:2   warning  Mixed spaces and tabs                        no-mixed-spaces-and-tabs
   169:2   warning  Mixed spaces and tabs                        no-mixed-spaces-and-tabs
   179:22  warning  'math' is not defined                        no-undef
   198:23  warning  'math' is not defined                        no-undef
   201:1   warning  Mixed spaces and tabs                        no-mixed-spaces-and-tabs
   202:1   warning  Mixed spaces and tabs                        no-mixed-spaces-and-tabs
   210:11  warning  'CT' is defined but never used               no-unused-vars
   216:9   warning  Mixed spaces and tabs                        no-mixed-spaces-and-tabs
   230:2   warning  Mixed spaces and tabs                        no-mixed-spaces-and-tabs
   231:1   warning  Mixed spaces and tabs                        no-mixed-spaces-and-tabs
   232:1   warning  Mixed spaces and tabs                        no-mixed-spaces-and-tabs
   233:1   warning  Mixed spaces and tabs                        no-mixed-spaces-and-tabs
   234:2   warning  Mixed spaces and tabs                        no-mixed-spaces-and-tabs
   235:1   warning  Mixed spaces and tabs                        no-mixed-spaces-and-tabs
   236:1   warning  Mixed spaces and tabs                        no-mixed-spaces-and-tabs
   237:2   warning  Mixed spaces and tabs                        no-mixed-spaces-and-tabs
   238:1   warning  Mixed spaces and tabs                        no-mixed-spaces-and-tabs
   239:1   warning  Mixed spaces and tabs                        no-mixed-spaces-and-tabs
   241:2   warning  Mixed spaces and tabs                        no-mixed-spaces-and-tabs
   242:1   warning  Mixed spaces and tabs                        no-mixed-spaces-and-tabs
   257:1   warning  Mixed spaces and tabs                        no-mixed-spaces-and-tabs
   261:2   warning  Mixed spaces and tabs                        no-mixed-spaces-and-tabs
   262:1   warning  Mixed spaces and tabs                        no-mixed-spaces-and-tabs
   263:1   warning  Mixed spaces and tabs                        no-mixed-spaces-and-tabs
   264:1   warning  Mixed spaces and tabs                        no-mixed-spaces-and-tabs
   265:1   warning  Mixed spaces and tabs                        no-mixed-spaces-and-tabs
   266:1   warning  Mixed spaces and tabs                        no-mixed-spaces-and-tabs
   267:2   warning  Mixed spaces and tabs                        no-mixed-spaces-and-tabs
   268:1   warning  Mixed spaces and tabs                        no-mixed-spaces-and-tabs
   269:1   warning  Mixed spaces and tabs                        no-mixed-spaces-and-tabs
   270:2   warning  Mixed spaces and tabs                        no-mixed-spaces-and-tabs
   271:1   warning  Mixed spaces and tabs                        no-mixed-spaces-and-tabs
   272:1   warning  Mixed spaces and tabs                        no-mixed-spaces-and-tabs
   275:2   warning  Mixed spaces and tabs                        no-mixed-spaces-and-tabs
   276:1   warning  Mixed spaces and tabs                        no-mixed-spaces-and-tabs
   277:1   warning  Mixed spaces and tabs                        no-mixed-spaces-and-tabs
   278:1   warning  Mixed spaces and tabs                        no-mixed-spaces-and-tabs
   279:2   warning  Mixed spaces and tabs                        no-mixed-spaces-and-tabs
   280:1   warning  Mixed spaces and tabs                        no-mixed-spaces-and-tabs
   281:1   warning  Mixed spaces and tabs                        no-mixed-spaces-and-tabs
   282:1   warning  Mixed spaces and tabs                        no-mixed-spaces-and-tabs
   283:2   warning  Mixed spaces and tabs                        no-mixed-spaces-and-tabs
   284:1   warning  Mixed spaces and tabs                        no-mixed-spaces-and-tabs
   285:1   warning  Mixed spaces and tabs                        no-mixed-spaces-and-tabs
   286:1   warning  Mixed spaces and tabs                        no-mixed-spaces-and-tabs
   287:2   warning  Mixed spaces and tabs                        no-mixed-spaces-and-tabs
   288:1   warning  Mixed spaces and tabs                        no-mixed-spaces-and-tabs
   289:1   warning  Mixed spaces and tabs                        no-mixed-spaces-and-tabs
   314:1   warning  Mixed spaces and tabs                        no-mixed-spaces-and-tabs
   336:2   warning  Mixed spaces and tabs                        no-mixed-spaces-and-tabs
   353:1   warning  Mixed spaces and tabs                        no-mixed-spaces-and-tabs
   354:1   warning  Mixed spaces and tabs                        no-mixed-spaces-and-tabs
   355:1   warning  Mixed spaces and tabs                        no-mixed-spaces-and-tabs
   367:16  warning  'math' is not defined                        no-undef
   369:16  warning  'math' is not defined                        no-undef
   370:16  warning  'math' is not defined                        no-undef
   371:16  warning  'math' is not defined                        no-undef
   377:1   warning  Mixed spaces and tabs                        no-mixed-spaces-and-tabs
   381:2   warning  Mixed spaces and tabs                        no-mixed-spaces-and-tabs
   382:2   warning  Mixed spaces and tabs                        no-mixed-spaces-and-tabs
   383:1   warning  Mixed spaces and tabs                        no-mixed-spaces-and-tabs
   384:1   warning  Mixed spaces and tabs                        no-mixed-spaces-and-tabs
   385:1   warning  Mixed spaces and tabs                        no-mixed-spaces-and-tabs
   386:2   warning  Mixed spaces and tabs                        no-mixed-spaces-and-tabs
   387:2   warning  Mixed spaces and tabs                        no-mixed-spaces-and-tabs
   388:1   warning  Mixed spaces and tabs                        no-mixed-spaces-and-tabs
   389:1   warning  Mixed spaces and tabs                        no-mixed-spaces-and-tabs
   390:1   warning  Mixed spaces and tabs                        no-mixed-spaces-and-tabs
   391:2   warning  Mixed spaces and tabs                        no-mixed-spaces-and-tabs
   392:2   warning  Mixed spaces and tabs                        no-mixed-spaces-and-tabs
   393:1   warning  Mixed spaces and tabs                        no-mixed-spaces-and-tabs
   394:1   warning  Mixed spaces and tabs                        no-mixed-spaces-and-tabs
   395:1   warning  Mixed spaces and tabs                        no-mixed-spaces-and-tabs
   396:1   warning  Mixed spaces and tabs                        no-mixed-spaces-and-tabs
   397:1   warning  Mixed spaces and tabs                        no-mixed-spaces-and-tabs
   398:1   warning  Mixed spaces and tabs                        no-mixed-spaces-and-tabs
   399:2   warning  Mixed spaces and tabs                        no-mixed-spaces-and-tabs
   400:1   warning  Mixed spaces and tabs                        no-mixed-spaces-and-tabs
   401:1   warning  Mixed spaces and tabs                        no-mixed-spaces-and-tabs
   402:2   warning  Mixed spaces and tabs                        no-mixed-spaces-and-tabs
   403:1   warning  Mixed spaces and tabs                        no-mixed-spaces-and-tabs
   404:1   warning  Mixed spaces and tabs                        no-mixed-spaces-and-tabs
   407:2   warning  Mixed spaces and tabs                        no-mixed-spaces-and-tabs
   408:1   warning  Mixed spaces and tabs                        no-mixed-spaces-and-tabs
   409:1   warning  Mixed spaces and tabs                        no-mixed-spaces-and-tabs
   410:1   warning  Mixed spaces and tabs                        no-mixed-spaces-and-tabs
   411:2   warning  Mixed spaces and tabs                        no-mixed-spaces-and-tabs
   412:1   warning  Mixed spaces and tabs                        no-mixed-spaces-and-tabs
   413:1   warning  Mixed spaces and tabs                        no-mixed-spaces-and-tabs
   414:1   warning  Mixed spaces and tabs                        no-mixed-spaces-and-tabs
   415:2   warning  Mixed spaces and tabs                        no-mixed-spaces-and-tabs
   416:1   warning  Mixed spaces and tabs                        no-mixed-spaces-and-tabs
   417:1   warning  Mixed spaces and tabs                        no-mixed-spaces-and-tabs
   418:1   warning  Mixed spaces and tabs                        no-mixed-spaces-and-tabs
   419:2   warning  Mixed spaces and tabs                        no-mixed-spaces-and-tabs
   420:1   warning  Mixed spaces and tabs                        no-mixed-spaces-and-tabs
   421:1   warning  Mixed spaces and tabs                        no-mixed-spaces-and-tabs
   450:1   warning  Mixed spaces and tabs                        no-mixed-spaces-and-tabs
   473:2   warning  Mixed spaces and tabs                        no-mixed-spaces-and-tabs
   490:1   warning  Mixed spaces and tabs                        no-mixed-spaces-and-tabs
   491:1   warning  Mixed spaces and tabs                        no-mixed-spaces-and-tabs
   492:1   warning  Mixed spaces and tabs                        no-mixed-spaces-and-tabs
   505:17  warning  'math' is not defined                        no-undef
   507:17  warning  'math' is not defined                        no-undef
   508:17  warning  'math' is not defined                        no-undef
   509:17  warning  'math' is not defined                        no-undef
   515:1   warning  Mixed spaces and tabs                        no-mixed-spaces-and-tabs
   519:2   warning  Mixed spaces and tabs                        no-mixed-spaces-and-tabs
   520:1   warning  Mixed spaces and tabs                        no-mixed-spaces-and-tabs
   521:1   warning  Mixed spaces and tabs                        no-mixed-spaces-and-tabs
   522:1   warning  Mixed spaces and tabs                        no-mixed-spaces-and-tabs
   523:2   warning  Mixed spaces and tabs                        no-mixed-spaces-and-tabs
   524:1   warning  Mixed spaces and tabs                        no-mixed-spaces-and-tabs
   525:1   warning  Mixed spaces and tabs                        no-mixed-spaces-and-tabs
   526:2   warning  Mixed spaces and tabs                        no-mixed-spaces-and-tabs
   527:1   warning  Mixed spaces and tabs                        no-mixed-spaces-and-tabs
   528:1   warning  Mixed spaces and tabs                        no-mixed-spaces-and-tabs
   531:2   warning  Mixed spaces and tabs                        no-mixed-spaces-and-tabs
   532:2   warning  Mixed spaces and tabs                        no-mixed-spaces-and-tabs
   533:2   warning  Mixed spaces and tabs                        no-mixed-spaces-and-tabs
   534:1   warning  Mixed spaces and tabs                        no-mixed-spaces-and-tabs
   535:1   warning  Mixed spaces and tabs                        no-mixed-spaces-and-tabs
   536:1   warning  Mixed spaces and tabs                        no-mixed-spaces-and-tabs
   537:2   warning  Mixed spaces and tabs                        no-mixed-spaces-and-tabs
   538:2   warning  Mixed spaces and tabs                        no-mixed-spaces-and-tabs
   539:2   warning  Mixed spaces and tabs                        no-mixed-spaces-and-tabs
   540:1   warning  Mixed spaces and tabs                        no-mixed-spaces-and-tabs
   541:1   warning  Mixed spaces and tabs                        no-mixed-spaces-and-tabs
   542:1   warning  Mixed spaces and tabs                        no-mixed-spaces-and-tabs
   543:2   warning  Mixed spaces and tabs                        no-mixed-spaces-and-tabs
   544:2   warning  Mixed spaces and tabs                        no-mixed-spaces-and-tabs
   545:2   warning  Mixed spaces and tabs                        no-mixed-spaces-and-tabs
   546:1   warning  Mixed spaces and tabs                        no-mixed-spaces-and-tabs
   547:1   warning  Mixed spaces and tabs                        no-mixed-spaces-and-tabs
   548:1   warning  Mixed spaces and tabs                        no-mixed-spaces-and-tabs
   549:2   warning  Mixed spaces and tabs                        no-mixed-spaces-and-tabs
   550:1   warning  Mixed spaces and tabs                        no-mixed-spaces-and-tabs
   551:1   warning  Mixed spaces and tabs                        no-mixed-spaces-and-tabs
   552:1   warning  Mixed spaces and tabs                        no-mixed-spaces-and-tabs
   553:2   warning  Mixed spaces and tabs                        no-mixed-spaces-and-tabs
   554:1   warning  Mixed spaces and tabs                        no-mixed-spaces-and-tabs
   555:1   warning  Mixed spaces and tabs                        no-mixed-spaces-and-tabs
   556:1   warning  Mixed spaces and tabs                        no-mixed-spaces-and-tabs
   557:2   warning  Mixed spaces and tabs                        no-mixed-spaces-and-tabs
   558:1   warning  Mixed spaces and tabs                        no-mixed-spaces-and-tabs
   559:1   warning  Mixed spaces and tabs                        no-mixed-spaces-and-tabs
   597:1   warning  Mixed spaces and tabs                        no-mixed-spaces-and-tabs
   619:2   warning  Mixed spaces and tabs                        no-mixed-spaces-and-tabs
   636:1   warning  Mixed spaces and tabs                        no-mixed-spaces-and-tabs
   637:1   warning  Mixed spaces and tabs                        no-mixed-spaces-and-tabs
   638:1   warning  Mixed spaces and tabs                        no-mixed-spaces-and-tabs
   660:64  warning  'math' is not defined                        no-undef
   663:6   warning  'A_02' is assigned a value but never used    no-unused-vars
   664:6   warning  'L_20' is assigned a value but never used    no-unused-vars
   665:6   warning  'At_2' is assigned a value but never used    no-unused-vars
   698:11  warning  'math' is not defined                        no-undef
   713:12  warning  'math' is not defined                        no-undef
   726:17  warning  'math' is not defined                        no-undef
   727:20  warning  'math' is not defined                        no-undef
   727:40  warning  'math' is not defined                        no-undef
   728:18  warning  'CanvasJS' is not defined                    no-undef
   731:2   warning  Mixed spaces and tabs                        no-mixed-spaces-and-tabs
   732:2   warning  Mixed spaces and tabs                        no-mixed-spaces-and-tabs
   733:1   warning  Mixed spaces and tabs                        no-mixed-spaces-and-tabs
   735:1   warning  Mixed spaces and tabs                        no-mixed-spaces-and-tabs
   737:1   warning  Mixed spaces and tabs                        no-mixed-spaces-and-tabs
   738:1   warning  Mixed spaces and tabs                        no-mixed-spaces-and-tabs
   743:1   warning  Mixed spaces and tabs                        no-mixed-spaces-and-tabs
   755:1   warning  Mixed spaces and tabs                        no-mixed-spaces-and-tabs
   814:6   warning  'A_02' is assigned a value but never used    no-unused-vars
   815:6   warning  'L_20' is assigned a value but never used    no-unused-vars
   816:6   warning  'At_2' is assigned a value but never used    no-unused-vars
   818:14  warning  '$' is not defined                           no-undef
   819:14  warning  '$' is not defined                           no-undef
   820:14  warning  '$' is not defined                           no-undef
   824:5   warning  'math' is not defined                        no-undef
   827:5   warning  'math' is not defined                        no-undef
   829:6   warning  'level1' is assigned a value but never used  no-unused-vars
   829:15  warning  '$' is not defined                           no-undef
   830:6   warning  'level2' is assigned a value but never used  no-unused-vars
   830:15  warning  '$' is not defined                           no-undef
   831:6   warning  'level3' is assigned a value but never used  no-unused-vars
   831:15  warning  '$' is not defined                           no-undef
   843:10  warning  't' is already defined                       no-redeclare
   845:10  warning  '$' is not defined                           no-undef
   875:11  warning  'math' is not defined                        no-undef
   891:12  warning  'math' is not defined                        no-undef
   899:9   warning  't' is already defined                       no-redeclare
   899:12  warning  'math' is not defined                        no-undef
   899:24  warning  '$' is not defined                           no-undef
   899:47  warning  'math' is not defined                        no-undef
   901:10  warning  '$' is not defined                           no-undef
   903:6   warning  'Vp_ff' is already defined                   no-redeclare
   904:6   warning  'A' is already defined                       no-redeclare
   905:6   warning  'A2' is already defined                      no-redeclare
   907:6   warning  'zeta' is already defined                    no-redeclare
   909:6   warning  'wn' is already defined                      no-redeclare
   910:6   warning  'wn2' is already defined                     no-redeclare
   912:6   warning  'Ki_1' is already defined                    no-redeclare
   914:6   warning  'B' is already defined                       no-redeclare
   915:6   warning  'zwn' is already defined                     no-redeclare
   917:6   warning  'Kp_1' is already defined                    no-redeclare
   920:6   warning  'voltlevel' is already defined               no-redeclare
   921:7   warning  'const1' is already defined                  no-redeclare
   926:6   warning  'y1' is already defined                      no-redeclare
   928:6   warning  'y2' is already defined                      no-redeclare
   929:6   warning  'y' is already defined                       no-redeclare
   931:11  warning  'math' is not defined                        no-undef
   947:6   warning  'TL2' is already defined                     no-redeclare
   947:12  warning  'math' is not defined                        no-undef
   955:9   warning  't' is already defined                       no-redeclare
   955:12  warning  'math' is not defined                        no-undef
   957:10  warning  '$' is not defined                           no-undef
   959:6   warning  'Vp_ff' is already defined                   no-redeclare
   960:6   warning  'A' is already defined                       no-redeclare
   961:6   warning  'A2' is already defined                      no-redeclare
   963:6   warning  'zeta' is already defined                    no-redeclare
   965:6   warning  'wn' is already defined                      no-redeclare
   966:6   warning  'wn2' is already defined                     no-redeclare
   968:6   warning  'Ki_1' is already defined                    no-redeclare
   970:6   warning  'B' is already defined                       no-redeclare
   971:6   warning  'zwn' is already defined                     no-redeclare
   973:6   warning  'Kp_1' is already defined                    no-redeclare
   976:6   warning  'voltlevel' is already defined               no-redeclare
   977:7   warning  'const1' is already defined                  no-redeclare
   982:6   warning  'y1' is already defined                      no-redeclare
   984:6   warning  'y2' is already defined                      no-redeclare
   985:6   warning  'y' is already defined                       no-redeclare
   987:11  warning  'math' is not defined                        no-undef
  1003:6   warning  'TL2' is already defined                     no-redeclare
  1003:12  warning  'math' is not defined                        no-undef
  1025:17  warning  'math' is not defined                        no-undef
  1026:20  warning  'math' is not defined                        no-undef
  1026:40  warning  'math' is not defined                        no-undef
  1027:18  warning  'CanvasJS' is not defined                    no-undef
  1030:2   warning  Mixed spaces and tabs                        no-mixed-spaces-and-tabs
  1031:2   warning  Mixed spaces and tabs                        no-mixed-spaces-and-tabs
  1032:1   warning  Mixed spaces and tabs                        no-mixed-spaces-and-tabs
  1034:1   warning  Mixed spaces and tabs                        no-mixed-spaces-and-tabs
  1036:1   warning  Mixed spaces and tabs                        no-mixed-spaces-and-tabs
  1037:1   warning  Mixed spaces and tabs                        no-mixed-spaces-and-tabs
  1042:1   warning  Mixed spaces and tabs                        no-mixed-spaces-and-tabs
  1054:1   warning  Mixed spaces and tabs                        no-mixed-spaces-and-tabs
  1103:6   warning  'L_ff1' is assigned a value but never used   no-unused-vars
  1187:11  warning  'math' is not defined                        no-undef
  1201:17  warning  'math' is not defined                        no-undef
  1202:20  warning  'math' is not defined                        no-undef
  1202:40  warning  'math' is not defined                        no-undef
  1203:18  warning  'CanvasJS' is not defined                    no-undef
  1206:2   warning  Mixed spaces and tabs                        no-mixed-spaces-and-tabs
  1207:1   warning  Mixed spaces and tabs                        no-mixed-spaces-and-tabs
  1209:1   warning  Mixed spaces and tabs                        no-mixed-spaces-and-tabs
  1211:1   warning  Mixed spaces and tabs                        no-mixed-spaces-and-tabs
  1212:1   warning  Mixed spaces and tabs                        no-mixed-spaces-and-tabs
  1217:1   warning  Mixed spaces and tabs                        no-mixed-spaces-and-tabs
  1228:1   warning  Mixed spaces and tabs                        no-mixed-spaces-and-tabs
  1279:14  warning  '$' is not defined                           no-undef
  1280:14  warning  '$' is not defined                           no-undef
  1281:14  warning  '$' is not defined                           no-undef
  1283:5   warning  'math' is not defined                        no-undef
  1286:5   warning  'math' is not defined                        no-undef
  1289:6   warning  'level1' is assigned a value but never used  no-unused-vars
  1289:15  warning  '$' is not defined                           no-undef
  1290:6   warning  'level2' is assigned a value but never used  no-unused-vars
  1290:15  warning  '$' is not defined                           no-undef
  1291:6   warning  'level3' is assigned a value but never used  no-unused-vars
  1291:15  warning  '$' is not defined                           no-undef
  1295:10  warning  't' is already defined                       no-redeclare
  1298:11  warning  '$' is not defined                           no-undef
  1308:64  warning  'math' is not defined                        no-undef
  1385:11  warning  'math' is not defined                        no-undef
  1395:9   warning  't' is already defined                       no-redeclare
  1395:12  warning  'math' is not defined                        no-undef
  1395:24  warning  '$' is not defined                           no-undef
  1395:48  warning  'math' is not defined                        no-undef
  1397:6   warning  'A_02' is already defined                    no-redeclare
  1398:6   warning  'L_20' is already defined                    no-redeclare
  1398:11  warning  '$' is not defined                           no-undef
  1399:6   warning  'At_2' is already defined                    no-redeclare
  1400:6   warning  'L_ff1' is already defined                   no-redeclare
  1403:6   warning  'L_10' is already defined                    no-redeclare
  1404:6   warning  'At_1' is already defined                    no-redeclare
  1405:6   warning  'Kp' is already defined                      no-redeclare
  1406:6   warning  'A_01' is already defined                    no-redeclare
  1407:6   warning  'g' is already defined                       no-redeclare
  1408:6   warning  'Vp_ff' is already defined                   no-redeclare
  1408:64  warning  'math' is not defined                        no-undef
  1411:6   warning  'ov' is already defined                      no-redeclare
  1412:6   warning  'ts' is already defined                      no-redeclare
  1414:6   warning  'A' is already defined                       no-redeclare
  1415:6   warning  'A2' is already defined                      no-redeclare
  1417:6   warning  'zeta' is already defined                    no-redeclare
  1419:6   warning  'wn' is already defined                      no-redeclare
  1420:6   warning  'wn2' is already defined                     no-redeclare
  1422:6   warning  'Ki_1' is already defined                    no-redeclare
  1424:6   warning  'B' is already defined                       no-redeclare
  1425:6   warning  'zwn' is already defined                     no-redeclare
  1427:6   warning  'Kp_1' is already defined                    no-redeclare
  1430:6   warning  'voltlevel' is already defined               no-redeclare
  1432:7   warning  'const1' is already defined                  no-redeclare
  1437:6   warning  'y1' is already defined                      no-redeclare
  1439:6   warning  'y2' is already defined                      no-redeclare
  1440:6   warning  'y' is already defined                       no-redeclare
  1441:6   warning  'yL' is already defined                      no-redeclare
  1451:6   warning  'ovT' is already defined                     no-redeclare
  1452:6   warning  'tsT' is already defined                     no-redeclare
  1454:6   warning  'AT' is already defined                      no-redeclare
  1455:6   warning  'A2T' is already defined                     no-redeclare
  1457:6   warning  'zetaT' is already defined                   no-redeclare
  1459:6   warning  'wnT' is already defined                     no-redeclare
  1460:6   warning  'wn2T' is already defined                    no-redeclare
  1462:6   warning  'kicoeff' is already defined                 no-redeclare
  1464:6   warning  'Ki_2' is already defined                    no-redeclare
  1466:6   warning  'zwnT' is already defined                    no-redeclare
  1467:6   warning  'BT' is already defined                      no-redeclare
  1468:6   warning  'kpcoeff' is already defined                 no-redeclare
  1469:6   warning  'Kp_2' is already defined                    no-redeclare
  1472:6   warning  'voltlevel2' is already defined              no-redeclare
  1474:7   warning  'const2' is already defined                  no-redeclare
  1478:6   warning  'y1T' is already defined                     no-redeclare
  1482:6   warning  'y2T' is already defined                     no-redeclare
  1483:6   warning  'yT' is already defined                      no-redeclare
  1485:11  warning  'math' is not defined                        no-undef
  1495:9   warning  't' is already defined                       no-redeclare
  1495:12  warning  'math' is not defined                        no-undef
  1497:6   warning  'A_02' is already defined                    no-redeclare
  1498:6   warning  'L_20' is already defined                    no-redeclare
  1498:11  warning  '$' is not defined                           no-undef
  1499:6   warning  'At_2' is already defined                    no-redeclare
  1500:6   warning  'L_ff1' is already defined                   no-redeclare
  1500:6   warning  'L_ff1' is assigned a value but never used   no-unused-vars
  1503:6   warning  'L_10' is already defined                    no-redeclare
  1504:6   warning  'At_1' is already defined                    no-redeclare
  1505:6   warning  'Kp' is already defined                      no-redeclare
  1506:6   warning  'A_01' is already defined                    no-redeclare
  1507:6   warning  'g' is already defined                       no-redeclare
  1508:6   warning  'Vp_ff' is already defined                   no-redeclare
  1508:64  warning  'math' is not defined                        no-undef
  1511:6   warning  'ov' is already defined                      no-redeclare
  1512:6   warning  'ts' is already defined                      no-redeclare
  1514:6   warning  'A' is already defined                       no-redeclare
  1515:6   warning  'A2' is already defined                      no-redeclare
  1517:6   warning  'zeta' is already defined                    no-redeclare
  1519:6   warning  'wn' is already defined                      no-redeclare
  1520:6   warning  'wn2' is already defined                     no-redeclare
  1522:6   warning  'Ki_1' is already defined                    no-redeclare
  1524:6   warning  'B' is already defined                       no-redeclare
  1525:6   warning  'zwn' is already defined                     no-redeclare
  1527:6   warning  'Kp_1' is already defined                    no-redeclare
  1530:6   warning  'voltlevel' is already defined               no-redeclare
  1532:7   warning  'const1' is already defined                  no-redeclare
  1537:6   warning  'y1' is already defined                      no-redeclare
  1539:6   warning  'y2' is already defined                      no-redeclare
  1540:6   warning  'y' is already defined                       no-redeclare
  1541:6   warning  'yL' is already defined                      no-redeclare
  1551:6   warning  'ovT' is already defined                     no-redeclare
  1552:6   warning  'tsT' is already defined                     no-redeclare
  1554:6   warning  'AT' is already defined                      no-redeclare
  1555:6   warning  'A2T' is already defined                     no-redeclare
  1557:6   warning  'zetaT' is already defined                   no-redeclare
  1559:6   warning  'wnT' is already defined                     no-redeclare
  1560:6   warning  'wn2T' is already defined                    no-redeclare
  1562:6   warning  'kicoeff' is already defined                 no-redeclare
  1564:6   warning  'Ki_2' is already defined                    no-redeclare
  1566:6   warning  'zwnT' is already defined                    no-redeclare
  1567:6   warning  'BT' is already defined                      no-redeclare
  1568:6   warning  'kpcoeff' is already defined                 no-redeclare
  1569:6   warning  'Kp_2' is already defined                    no-redeclare
  1572:6   warning  'voltlevel2' is already defined              no-redeclare
  1574:7   warning  'const2' is already defined                  no-redeclare
  1578:6   warning  'y1T' is already defined                     no-redeclare
  1582:6   warning  'y2T' is already defined                     no-redeclare
  1583:6   warning  'yT' is already defined                      no-redeclare
  1585:11  warning  'math' is not defined                        no-undef
  1601:17  warning  'math' is not defined                        no-undef
  1602:20  warning  'math' is not defined                        no-undef
  1602:40  warning  'math' is not defined                        no-undef
  1603:18  warning  'CanvasJS' is not defined                    no-undef
  1606:2   warning  Mixed spaces and tabs                        no-mixed-spaces-and-tabs
  1607:1   warning  Mixed spaces and tabs                        no-mixed-spaces-and-tabs
  1609:1   warning  Mixed spaces and tabs                        no-mixed-spaces-and-tabs
  1611:1   warning  Mixed spaces and tabs                        no-mixed-spaces-and-tabs
  1612:1   warning  Mixed spaces and tabs                        no-mixed-spaces-and-tabs
  1617:1   warning  Mixed spaces and tabs                        no-mixed-spaces-and-tabs
  1628:1   warning  Mixed spaces and tabs                        no-mixed-spaces-and-tabs
  1661:10  warning  'simu1' is defined but never used            no-unused-vars
  1662:18  warning  '$' is not defined                           no-undef
  1666:15  warning  '$' is not defined                           no-undef
  1667:15  warning  '$' is not defined                           no-undef
  1668:15  warning  '$' is not defined                           no-undef
  1686:23  warning  'math' is not defined                        no-undef
  1702:22  warning  'math' is not defined                        no-undef
  1714:10  warning  'simu2' is defined but never used            no-unused-vars
  1715:18  warning  '$' is not defined                           no-undef
  1719:15  warning  '$' is not defined                           no-undef
  1720:15  warning  '$' is not defined                           no-undef
  1721:15  warning  '$' is not defined                           no-undef
  1741:23  warning  'math' is not defined                        no-undef
  1754:22  warning  'math' is not defined                        no-undef
  1765:10  warning  'plot' is defined but never used             no-unused-vars
  1767:16  warning  '$' is not defined                           no-undef
  1790:11  warning  'Refresh' is defined but never used          no-unused-vars

✖ 439 problems (0 errors, 439 warnings)

